nohup: ignoring input
outer_loop = 1, inner_loop = 1
CUDNN STATUS: True
Evaluation iterations:  [0, 50, 100, 150, 200, 250, 300, 350, 400, 450, 500, 550, 600, 650, 700, 750, 800, 850, 900, 950, 1000, 1050, 1100, 1150, 1200, 1250, 1300, 1350, 1400, 1450, 1500]
miniUCF im_size: (112, 112)
how many classes: 50
miniUCF init finished
how many classes: 50
miniUCF init finished
UCF101 train:  4662 test:  1861
Loading preloaded dataset
wandb: Using wandb-core as the SDK backend.  Please refer to https://wandb.me/wandb-core for more information.
wandb: Currently logged in as: 1271535632 (1271535632-shanghaitech-university) to https://api.wandb.ai. Use `wandb login --relogin` to force relogin
wandb: Tracking run with wandb version 0.19.9
wandb: Run data is saved locally in /run/determined/workdir/home/wandb/run-20250416_203302-b5b9fidq
wandb: Run `wandb offline` to turn off syncing.
wandb: Syncing run miniUCF101_ipc1_30.0_20250416203259
wandb: ⭐️ View project at https://wandb.ai/1271535632-shanghaitech-university/Baseline_CF
wandb: 🚀 View run at https://wandb.ai/1271535632-shanghaitech-university/Baseline_CF/runs/b5b9fidq
Hyper-parameters: 
 {'_wandb': {}, 'dataset': 'miniUCF101', 'method': 'CF', 'model': 'ConvNet3D', 'ipc': 1, 'eval_mode': 'SS', 'outer_loop': 1, 'inner_loop': 1, 'num_eval': 1, 'eval_it': 50, 'epoch_eval_train': 500, 'Iteration': 1500, 'lr_net': 0.01, 'lr_img': 30.0, 'lr_lr': 1e-05, 'lr_teacher': 0.001, 'train_lr': False, 'batch_real': 64, 'batch_train': 256, 'batch_syn': 50, 'init': 'real', 'data_path': 'distill_utils/data', 'expert_epochs': 3, 'syn_steps': 64, 'max_start_epoch': 25, 'dis_metric': 'ours', 'buffer_path': None, 'num_workers': 4, 'preload': True, 'save_path': './logged_files', 'frames': 16, 'pretrain_dir': './pretrain', 'nclass': 50, 'aug_type': 'color_crop_cutout', 'mixup': 'cut', 'plot_freq': 10, 'use_wandb': False, 'device': 'cuda', 'distributed': True}
Evaluation model pool:  ['ConvNet3D']
BUILDING DATASET
0it [00:00, ?it/s]4662it [00:00, 1182072.62it/s]
distill_CF.py:165: UserWarning: To copy construct from a tensor, it is recommended to use sourceTensor.clone().detach() or sourceTensor.clone().detach().requires_grad_(True), rather than torch.tensor(sourceTensor).
  labels_all = torch.tensor(labels_all, dtype=torch.long, device="cpu")
initialize synthetic data from random real images
[2025-04-16 20:33:03] training begins
CF
Evaluation
model_train = ConvNet3D, model_eval = ConvNet3D, iteration = 0
[2025-04-16 20:38:48] Evaluate_00: Ep 250 time = 344s loss = 0.121689 train acc = 92.00, test acc = 11.62
lr = 0.001000
[2025-04-16 20:42:22] Evaluate_00: Ep 500 time = 558s loss = 0.000186 train acc = 100.00, test acc = 11.28
[2025-04-16 20:42:22] Evaluate_00: Ep 500 time = 558s loss = 0.000186 train acc = 100.00, test acc = 11.28
acc_per_cls: [0.030303030303030304, 0.15053763440860216, 0.015503875968992248, 0.0, 0.18095238095238095, 0.21621621621621623, 0.017543859649122806, 0.8166666666666667, 0.020202020202020204, 0.015503875968992248, 0.7857142857142857, 0.010101010101010102, 0.23931623931623933, 0.0, 0.05185185185185185, 0.009259259259259259, 0.05405405405405406, 0.008547008547008548, 0.0, 0.06306306306306306, 0.18095238095238095, 0.11564625850340136, 0.049019607843137254, 0.2318840579710145, 0.09009009009009009, 0.0, 0.0, 0.05185185185185185, 0.16216216216216217, 0.047619047619047616, 0.23809523809523808, 0.008333333333333333, 0.17142857142857143, 0.20512820512820512, 0.17857142857142858, 0.0, 0.07291666666666667, 0.0, 0.5714285714285714, 0.0, 0.2682926829268293, 0.052083333333333336, 0.0, 0.050505050505050504, 0.03968253968253968, 0.10884353741496598, 0.041666666666666664, 0.05952380952380952, 0.0, 0.2074074074074074]
Evaluate 1 random ConvNet3D, mean = 0.1128 std = 0.0000
-------------------------
Max_Accuracy0.11284255776464266
Evaluation
model_train = ConvNet3D, model_eval = ConvNet3D, iteration = 50
[2025-04-16 20:51:57] Evaluate_00: Ep 250 time = 381s loss = 0.311306 train acc = 98.00, test acc = 11.19
lr = 0.001000
[2025-04-16 20:55:11] Evaluate_00: Ep 500 time = 575s loss = 0.018324 train acc = 100.00, test acc = 13.54
[2025-04-16 20:55:11] Evaluate_00: Ep 500 time = 575s loss = 0.018324 train acc = 100.00, test acc = 13.54
acc_per_cls: [0.23484848484848486, 0.12903225806451613, 0.10852713178294573, 0.007751937984496124, 0.20952380952380953, 0.13513513513513514, 0.05263157894736842, 0.5833333333333334, 0.0, 0.007751937984496124, 0.6666666666666666, 0.0707070707070707, 0.26495726495726496, 0.0, 0.22962962962962963, 0.0, 0.21621621621621623, 0.1282051282051282, 0.0, 0.0, 0.1619047619047619, 0.061224489795918366, 0.029411764705882353, 0.18840579710144928, 0.06306306306306306, 0.0, 0.0, 0.13333333333333333, 0.5135135135135135, 0.047619047619047616, 0.39285714285714285, 0.008333333333333333, 0.10476190476190476, 0.2564102564102564, 0.2857142857142857, 0.027777777777777776, 0.0, 0.03333333333333333, 0.44047619047619047, 0.021505376344086023, 0.4959349593495935, 0.09375, 0.0, 0.1111111111111111, 0.07142857142857142, 0.06802721088435375, 0.041666666666666664, 0.03571428571428571, 0.0, 0.2]
Evaluate 1 random ConvNet3D, mean = 0.1354 std = 0.0000
-------------------------
Max_Accuracy0.1354110693175712
Evaluation
model_train = ConvNet3D, model_eval = ConvNet3D, iteration = 100
[2025-04-16 21:04:47] Evaluate_00: Ep 250 time = 294s loss = 0.102239 train acc = 98.00, test acc = 10.39
lr = 0.001000
[2025-04-16 21:07:43] Evaluate_00: Ep 500 time = 470s loss = 0.002147 train acc = 100.00, test acc = 13.22
[2025-04-16 21:07:43] Evaluate_00: Ep 500 time = 470s loss = 0.002147 train acc = 100.00, test acc = 13.22
acc_per_cls: [0.13636363636363635, 0.08602150537634409, 0.0, 0.015503875968992248, 0.1523809523809524, 0.06306306306306306, 0.008771929824561403, 0.9166666666666666, 0.2222222222222222, 0.0, 0.7976190476190477, 0.020202020202020204, 0.21367521367521367, 0.0, 0.18518518518518517, 0.09259259259259259, 0.10810810810810811, 0.10256410256410256, 0.0, 0.02702702702702703, 0.23809523809523808, 0.0, 0.029411764705882353, 0.26811594202898553, 0.02702702702702703, 0.0, 0.0, 0.0, 0.13513513513513514, 0.05952380952380952, 0.34523809523809523, 0.1, 0.06666666666666667, 0.13675213675213677, 0.16666666666666666, 0.018518518518518517, 0.03125, 0.14166666666666666, 0.40476190476190477, 0.0, 0.5121951219512195, 0.08333333333333333, 0.12745098039215685, 0.1414141414141414, 0.18253968253968253, 0.10884353741496598, 0.07291666666666667, 0.07142857142857142, 0.2, 0.037037037037037035]
Evaluate 1 random ConvNet3D, mean = 0.1322 std = 0.0000
-------------------------
Max_Accuracy0.1354110693175712
Evaluation
model_train = ConvNet3D, model_eval = ConvNet3D, iteration = 150
[2025-04-16 21:15:56] Evaluate_00: Ep 250 time = 150s loss = 0.041035 train acc = 98.00, test acc = 12.02
lr = 0.001000
[2025-04-16 21:18:19] Evaluate_00: Ep 500 time = 292s loss = 0.000206 train acc = 100.00, test acc = 14.78
[2025-04-16 21:18:19] Evaluate_00: Ep 500 time = 292s loss = 0.000206 train acc = 100.00, test acc = 14.78
acc_per_cls: [0.12878787878787878, 0.10752688172043011, 0.08527131782945736, 0.0, 0.2, 0.17117117117117117, 0.0, 0.9083333333333333, 0.15151515151515152, 0.0, 0.6428571428571429, 0.0, 0.24786324786324787, 0.0, 0.17037037037037037, 0.009259259259259259, 0.2972972972972973, 0.15384615384615385, 0.0, 0.009009009009009009, 0.2, 0.05442176870748299, 0.00980392156862745, 0.2028985507246377, 0.22522522522522523, 0.0, 0.020202020202020204, 0.17037037037037037, 0.21621621621621623, 0.047619047619047616, 0.38095238095238093, 0.0, 0.06666666666666667, 0.1111111111111111, 0.2619047619047619, 0.018518518518518517, 0.0, 0.03333333333333333, 0.5833333333333334, 0.0, 0.6504065040650406, 0.11458333333333333, 0.0196078431372549, 0.0707070707070707, 0.1111111111111111, 0.09523809523809523, 0.11458333333333333, 0.03571428571428571, 0.2, 0.26666666666666666]
Evaluate 1 random ConvNet3D, mean = 0.1478 std = 0.0000
-------------------------
Max_Accuracy0.1477700161203654
Evaluation
model_train = ConvNet3D, model_eval = ConvNet3D, iteration = 200
[2025-04-16 21:27:12] Evaluate_00: Ep 250 time = 188s loss = 0.034819 train acc = 98.00, test acc = 12.99
lr = 0.001000
[2025-04-16 21:29:37] Evaluate_00: Ep 500 time = 333s loss = 0.000901 train acc = 100.00, test acc = 13.88
[2025-04-16 21:29:37] Evaluate_00: Ep 500 time = 333s loss = 0.000901 train acc = 100.00, test acc = 13.88
acc_per_cls: [0.3181818181818182, 0.08602150537634409, 0.06976744186046512, 0.0, 0.22857142857142856, 0.2702702702702703, 0.017543859649122806, 0.8583333333333333, 0.0, 0.023255813953488372, 0.7738095238095238, 0.21212121212121213, 0.20512820512820512, 0.02040816326530612, 0.4074074074074074, 0.009259259259259259, 0.11711711711711711, 0.15384615384615385, 0.0, 0.009009009009009009, 0.10476190476190476, 0.02040816326530612, 0.0, 0.2028985507246377, 0.12612612612612611, 0.0, 0.030303030303030304, 0.08888888888888889, 0.018018018018018018, 0.0, 0.40476190476190477, 0.025, 0.13333333333333333, 0.23931623931623933, 0.10714285714285714, 0.05555555555555555, 0.0, 0.1, 0.4642857142857143, 0.021505376344086023, 0.4715447154471545, 0.07291666666666667, 0.0196078431372549, 0.2222222222222222, 0.09523809523809523, 0.07482993197278912, 0.09375, 0.047619047619047616, 0.0, 0.05925925925925926]
Evaluate 1 random ConvNet3D, mean = 0.1388 std = 0.0000
-------------------------
Max_Accuracy0.1477700161203654
Evaluation
model_train = ConvNet3D, model_eval = ConvNet3D, iteration = 250
[2025-04-16 21:38:27] Evaluate_00: Ep 250 time = 252s loss = 0.007897 train acc = 100.00, test acc = 13.45
lr = 0.001000
[2025-04-16 21:40:45] Evaluate_00: Ep 500 time = 390s loss = 0.000243 train acc = 100.00, test acc = 14.19
[2025-04-16 21:40:45] Evaluate_00: Ep 500 time = 390s loss = 0.000243 train acc = 100.00, test acc = 14.19
acc_per_cls: [0.48484848484848486, 0.11827956989247312, 0.023255813953488372, 0.0, 0.2, 0.12612612612612611, 0.05263157894736842, 0.925, 0.04040404040404041, 0.0, 0.7857142857142857, 0.0, 0.13675213675213677, 0.0, 0.1925925925925926, 0.0, 0.17117117117117117, 0.17094017094017094, 0.0, 0.036036036036036036, 0.22857142857142856, 0.0, 0.16666666666666666, 0.38405797101449274, 0.06306306306306306, 0.0, 0.020202020202020204, 0.11851851851851852, 0.15315315315315314, 0.023809523809523808, 0.36904761904761907, 0.0, 0.01904761904761905, 0.1794871794871795, 0.17857142857142858, 0.0, 0.010416666666666666, 0.08333333333333333, 0.4523809523809524, 0.0, 0.4959349593495935, 0.09375, 0.029411764705882353, 0.030303030303030304, 0.1111111111111111, 0.04081632653061224, 0.17708333333333334, 0.03571428571428571, 0.18095238095238095, 0.11851851851851852]
Evaluate 1 random ConvNet3D, mean = 0.1419 std = 0.0000
-------------------------
Max_Accuracy0.1477700161203654
Evaluation
model_train = ConvNet3D, model_eval = ConvNet3D, iteration = 300
[2025-04-16 21:48:09] Evaluate_00: Ep 250 time = 207s loss = 0.001707 train acc = 100.00, test acc = 14.20
lr = 0.001000
[2025-04-16 21:52:18] Evaluate_00: Ep 500 time = 455s loss = 0.000619 train acc = 100.00, test acc = 15.65
[2025-04-16 21:52:18] Evaluate_00: Ep 500 time = 455s loss = 0.000619 train acc = 100.00, test acc = 15.65
acc_per_cls: [0.23484848484848486, 0.08602150537634409, 0.09302325581395349, 0.0, 0.2, 0.16216216216216217, 0.0, 0.9083333333333333, 0.24242424242424243, 0.0, 0.5238095238095238, 0.030303030303030304, 0.20512820512820512, 0.0, 0.17037037037037037, 0.009259259259259259, 0.3063063063063063, 0.2905982905982906, 0.0, 0.009009009009009009, 0.22857142857142856, 0.09523809523809523, 0.19607843137254902, 0.15217391304347827, 0.0, 0.058823529411764705, 0.10101010101010101, 0.2518518518518518, 0.4594594594594595, 0.023809523809523808, 0.38095238095238093, 0.0, 0.1619047619047619, 0.3504273504273504, 0.34523809523809523, 0.0, 0.0, 0.041666666666666664, 0.4523809523809524, 0.043010752688172046, 0.5609756097560976, 0.11458333333333333, 0.029411764705882353, 0.08080808080808081, 0.1111111111111111, 0.0, 0.13541666666666666, 0.03571428571428571, 0.11428571428571428, 0.044444444444444446]
Evaluate 1 random ConvNet3D, mean = 0.1565 std = 0.0000
-------------------------
Max_Accuracy0.15654665950205982
Evaluation
model_train = ConvNet3D, model_eval = ConvNet3D, iteration = 350
[2025-04-16 22:00:43] Evaluate_00: Ep 250 time = 135s loss = 0.022707 train acc = 100.00, test acc = 11.89
lr = 0.001000
[2025-04-16 22:04:37] Evaluate_00: Ep 500 time = 370s loss = 0.005130 train acc = 100.00, test acc = 14.24
[2025-04-16 22:04:37] Evaluate_00: Ep 500 time = 370s loss = 0.005130 train acc = 100.00, test acc = 14.24
acc_per_cls: [0.16666666666666666, 0.08602150537634409, 0.023255813953488372, 0.015503875968992248, 0.21904761904761905, 0.2972972972972973, 0.008771929824561403, 0.875, 0.09090909090909091, 0.0, 0.4880952380952381, 0.0, 0.27350427350427353, 0.08843537414965986, 0.17037037037037037, 0.05555555555555555, 0.17117117117117117, 0.1111111111111111, 0.0, 0.009009009009009009, 0.19047619047619047, 0.06802721088435375, 0.27450980392156865, 0.2028985507246377, 0.0, 0.08823529411764706, 0.010101010101010102, 0.1259259259259259, 0.14414414414414414, 0.05952380952380952, 0.4642857142857143, 0.025, 0.11428571428571428, 0.1794871794871795, 0.2261904761904762, 0.009259259259259259, 0.010416666666666666, 0.03333333333333333, 0.5714285714285714, 0.0, 0.5691056910569106, 0.10416666666666667, 0.0, 0.08080808080808081, 0.09523809523809523, 0.061224489795918366, 0.0625, 0.05952380952380952, 0.23809523809523808, 0.1037037037037037]
Evaluate 1 random ConvNet3D, mean = 0.1424 std = 0.0000
-------------------------
Max_Accuracy0.15654665950205982
Evaluation
model_train = ConvNet3D, model_eval = ConvNet3D, iteration = 400
[2025-04-16 22:13:20] Evaluate_00: Ep 250 time = 142s loss = 0.157152 train acc = 96.00, test acc = 14.62
lr = 0.001000
[2025-04-16 22:17:36] Evaluate_00: Ep 500 time = 397s loss = 0.000525 train acc = 100.00, test acc = 15.78
[2025-04-16 22:17:36] Evaluate_00: Ep 500 time = 397s loss = 0.000525 train acc = 100.00, test acc = 15.78
acc_per_cls: [0.29545454545454547, 0.053763440860215055, 0.0, 0.05426356589147287, 0.17142857142857143, 0.3063063063063063, 0.02631578947368421, 0.9083333333333333, 0.1919191919191919, 0.031007751937984496, 0.5833333333333334, 0.0, 0.26495726495726496, 0.006802721088435374, 0.28888888888888886, 0.0, 0.1981981981981982, 0.13675213675213677, 0.0, 0.07207207207207207, 0.12380952380952381, 0.02040816326530612, 0.049019607843137254, 0.2971014492753623, 0.05405405405405406, 0.0, 0.06060606060606061, 0.18518518518518517, 0.009009009009009009, 0.011904761904761904, 0.32142857142857145, 0.0, 0.17142857142857143, 0.2222222222222222, 0.2619047619047619, 0.0, 0.0, 0.041666666666666664, 0.5238095238095238, 0.17204301075268819, 0.6829268292682927, 0.13541666666666666, 0.09803921568627451, 0.13131313131313133, 0.05555555555555555, 0.14965986394557823, 0.19791666666666666, 0.03571428571428571, 0.24761904761904763, 0.15555555555555556]
Evaluate 1 random ConvNet3D, mean = 0.1578 std = 0.0000
-------------------------
Max_Accuracy0.15780046569944475
Evaluation
model_train = ConvNet3D, model_eval = ConvNet3D, iteration = 450
[2025-04-16 22:25:18] Evaluate_00: Ep 250 time = 186s loss = 0.001901 train acc = 100.00, test acc = 12.93
lr = 0.001000
[2025-04-16 22:29:45] Evaluate_00: Ep 500 time = 454s loss = 0.006789 train acc = 100.00, test acc = 13.81
[2025-04-16 22:29:45] Evaluate_00: Ep 500 time = 454s loss = 0.006789 train acc = 100.00, test acc = 13.81
acc_per_cls: [0.09090909090909091, 0.13978494623655913, 0.10077519379844961, 0.007751937984496124, 0.20952380952380953, 0.12612612612612611, 0.02631578947368421, 0.875, 0.030303030303030304, 0.046511627906976744, 0.47619047619047616, 0.1111111111111111, 0.24786324786324787, 0.0, 0.06666666666666667, 0.0, 0.23423423423423423, 0.1111111111111111, 0.0, 0.0, 0.08571428571428572, 0.006802721088435374, 0.2647058823529412, 0.2898550724637681, 0.07207207207207207, 0.0, 0.0, 0.2740740740740741, 0.06306306306306306, 0.07142857142857142, 0.42857142857142855, 0.03333333333333333, 0.05714285714285714, 0.3076923076923077, 0.25, 0.009259259259259259, 0.010416666666666666, 0.0, 0.4642857142857143, 0.0, 0.45528455284552843, 0.11458333333333333, 0.0196078431372549, 0.1919191919191919, 0.07142857142857142, 0.027210884353741496, 0.20833333333333334, 0.08333333333333333, 0.01904761904761905, 0.3111111111111111]
Evaluate 1 random ConvNet3D, mean = 0.1381 std = 0.0000
-------------------------
Max_Accuracy0.15780046569944475
Evaluation
model_train = ConvNet3D, model_eval = ConvNet3D, iteration = 500
[2025-04-16 22:35:00] Evaluate_00: Ep 250 time = 127s loss = 0.008890 train acc = 100.00, test acc = 14.62
lr = 0.001000
[2025-04-16 22:37:09] Evaluate_00: Ep 500 time = 256s loss = 0.002185 train acc = 100.00, test acc = 15.17
[2025-04-16 22:37:09] Evaluate_00: Ep 500 time = 256s loss = 0.002185 train acc = 100.00, test acc = 15.17
acc_per_cls: [0.07575757575757576, 0.06451612903225806, 0.06976744186046512, 0.015503875968992248, 0.22857142857142856, 0.27927927927927926, 0.08771929824561403, 0.9166666666666666, 0.26262626262626265, 0.0, 0.6547619047619048, 0.04040404040404041, 0.19658119658119658, 0.0, 0.2, 0.009259259259259259, 0.18018018018018017, 0.1794871794871795, 0.0, 0.009009009009009009, 0.1619047619047619, 0.006802721088435374, 0.3235294117647059, 0.2753623188405797, 0.13513513513513514, 0.00980392156862745, 0.050505050505050504, 0.26666666666666666, 0.02702702702702703, 0.08333333333333333, 0.14285714285714285, 0.0, 0.20952380952380953, 0.29914529914529914, 0.2261904761904762, 0.05555555555555555, 0.020833333333333332, 0.09166666666666666, 0.4880952380952381, 0.15053763440860216, 0.4634146341463415, 0.09375, 0.22549019607843138, 0.16161616161616163, 0.09523809523809523, 0.013605442176870748, 0.010416666666666666, 0.07142857142857142, 0.05714285714285714, 0.1259259259259259]
Evaluate 1 random ConvNet3D, mean = 0.1517 std = 0.0000
-------------------------
Max_Accuracy0.15780046569944475
Evaluation
model_train = ConvNet3D, model_eval = ConvNet3D, iteration = 550
[2025-04-16 22:44:45] Evaluate_00: Ep 250 time = 141s loss = 0.004381 train acc = 100.00, test acc = 15.49
lr = 0.001000
[2025-04-16 22:46:36] Evaluate_00: Ep 500 time = 252s loss = 0.000404 train acc = 100.00, test acc = 16.46
[2025-04-16 22:46:36] Evaluate_00: Ep 500 time = 252s loss = 0.000404 train acc = 100.00, test acc = 16.46
acc_per_cls: [0.09848484848484848, 0.10752688172043011, 0.07751937984496124, 0.031007751937984496, 0.20952380952380953, 0.26126126126126126, 0.05263157894736842, 0.925, 0.35353535353535354, 0.007751937984496124, 0.7142857142857143, 0.20202020202020202, 0.21367521367521367, 0.0, 0.22962962962962963, 0.0, 0.2882882882882883, 0.05982905982905983, 0.0, 0.0990990990990991, 0.1523809523809524, 0.013605442176870748, 0.3627450980392157, 0.41304347826086957, 0.11711711711711711, 0.0, 0.030303030303030304, 0.17037037037037037, 0.0990990990990991, 0.20238095238095238, 0.39285714285714285, 0.0, 0.17142857142857143, 0.26495726495726496, 0.17857142857142858, 0.027777777777777776, 0.010416666666666666, 0.058333333333333334, 0.47619047619047616, 0.043010752688172046, 0.42276422764227645, 0.125, 0.00980392156862745, 0.20202020202020202, 0.1349206349206349, 0.14965986394557823, 0.010416666666666666, 0.03571428571428571, 0.047619047619047616, 0.2074074074074074]
Evaluate 1 random ConvNet3D, mean = 0.1646 std = 0.0000
-------------------------
Max_Accuracy0.1646068421995343
Evaluation
model_train = ConvNet3D, model_eval = ConvNet3D, iteration = 600
[2025-04-16 22:53:57] Evaluate_00: Ep 250 time = 131s loss = 0.007071 train acc = 100.00, test acc = 16.14
lr = 0.001000
[2025-04-16 22:55:48] Evaluate_00: Ep 500 time = 243s loss = 0.004648 train acc = 100.00, test acc = 16.07
[2025-04-16 22:55:48] Evaluate_00: Ep 500 time = 243s loss = 0.004648 train acc = 100.00, test acc = 16.07
acc_per_cls: [0.2196969696969697, 0.20430107526881722, 0.031007751937984496, 0.06976744186046512, 0.18095238095238095, 0.18018018018018017, 0.09649122807017543, 0.8333333333333334, 0.35353535353535354, 0.0, 0.6785714285714286, 0.0, 0.21367521367521367, 0.0, 0.14814814814814814, 0.0, 0.36936936936936937, 0.29914529914529914, 0.0, 0.018018018018018018, 0.18095238095238095, 0.02040816326530612, 0.08823529411764706, 0.21739130434782608, 0.13513513513513514, 0.0196078431372549, 0.10101010101010101, 0.2, 0.12612612612612611, 0.0, 0.39285714285714285, 0.0, 0.1619047619047619, 0.20512820512820512, 0.2976190476190476, 0.0, 0.0, 0.025, 0.3333333333333333, 0.03225806451612903, 0.6422764227642277, 0.19791666666666666, 0.39215686274509803, 0.12121212121212122, 0.07936507936507936, 0.027210884353741496, 0.14583333333333334, 0.03571428571428571, 0.08571428571428572, 0.14074074074074075]
Evaluate 1 random ConvNet3D, mean = 0.1607 std = 0.0000
-------------------------
Max_Accuracy0.1646068421995343
