nohup: ignoring input
outer_loop = 1, inner_loop = 1
CUDNN STATUS: True
Evaluation iterations:  [0, 50, 100, 150, 200, 250, 300, 350, 400, 450, 500, 550, 600, 650, 700, 750, 800, 850, 900, 950, 1000, 1050, 1100, 1150, 1200, 1250, 1300, 1350, 1400, 1450, 1500]
miniUCF im_size: (112, 112)
how many classes: 50
miniUCF init finished
how many classes: 50
miniUCF init finished
UCF101 train:  4662 test:  1861
Loading preloaded dataset
wandb: Using wandb-core as the SDK backend.  Please refer to https://wandb.me/wandb-core for more information.
wandb: Currently logged in as: 1271535632 (1271535632-shanghaitech-university) to https://api.wandb.ai. Use `wandb login --relogin` to force relogin
wandb: Tracking run with wandb version 0.19.9
wandb: Run data is saved locally in /run/determined/workdir/home/wandb/run-20250416_203227-fwx514ut
wandb: Run `wandb offline` to turn off syncing.
wandb: Syncing run miniUCF101_ipc1_30.0_20250416203225
wandb: ⭐️ View project at https://wandb.ai/1271535632-shanghaitech-university/Baseline_CF
wandb: 🚀 View run at https://wandb.ai/1271535632-shanghaitech-university/Baseline_CF/runs/fwx514ut
Hyper-parameters: 
 {'_wandb': {}, 'dataset': 'miniUCF101', 'method': 'CF', 'model': 'ConvNet3D', 'ipc': 1, 'eval_mode': 'SS', 'outer_loop': 1, 'inner_loop': 1, 'num_eval': 1, 'eval_it': 50, 'epoch_eval_train': 500, 'Iteration': 1500, 'lr_net': 0.01, 'lr_img': 30.0, 'lr_lr': 1e-05, 'lr_teacher': 0.001, 'train_lr': False, 'batch_real': 64, 'batch_train': 256, 'batch_syn': 50, 'init': 'real', 'data_path': 'distill_utils/data', 'expert_epochs': 3, 'syn_steps': 64, 'max_start_epoch': 25, 'dis_metric': 'ours', 'buffer_path': None, 'num_workers': 4, 'preload': True, 'save_path': './logged_files', 'frames': 16, 'pretrain_dir': './pretrain', 'nclass': 50, 'aug_type': 'color_crop_cutout', 'mixup': 'cut', 'plot_freq': 10, 'use_wandb': False, 'device': 'cuda', 'distributed': True}
Evaluation model pool:  ['ConvNet3D']
BUILDING DATASET
0it [00:00, ?it/s]4662it [00:00, 978328.18it/s]
distill_CF.py:165: UserWarning: To copy construct from a tensor, it is recommended to use sourceTensor.clone().detach() or sourceTensor.clone().detach().requires_grad_(True), rather than torch.tensor(sourceTensor).
  labels_all = torch.tensor(labels_all, dtype=torch.long, device="cpu")
initialize synthetic data from random real images
[2025-04-16 20:32:28] training begins
CF
Evaluation
model_train = ConvNet3D, model_eval = ConvNet3D, iteration = 0
[2025-04-16 20:34:35] Evaluate_00: Ep 250 time = 126s loss = 0.002841 train acc = 100.00, test acc = 12.93
lr = 0.001000
[2025-04-16 20:36:03] Evaluate_00: Ep 500 time = 214s loss = 0.001663 train acc = 100.00, test acc = 13.38
[2025-04-16 20:36:03] Evaluate_00: Ep 500 time = 214s loss = 0.001663 train acc = 100.00, test acc = 13.38
acc_per_cls: [0.3181818181818182, 0.010752688172043012, 0.0, 0.0, 0.047619047619047616, 0.23423423423423423, 0.2631578947368421, 0.6916666666666667, 0.21212121212121213, 0.21705426356589147, 0.6309523809523809, 0.010101010101010102, 0.0, 0.0, 0.08888888888888889, 0.0, 0.46846846846846846, 0.0, 0.0, 0.0, 0.05714285714285714, 0.12244897959183673, 0.20588235294117646, 0.6739130434782609, 0.0, 0.0196078431372549, 0.0, 0.06666666666666667, 0.0, 0.0, 0.19047619047619047, 0.0, 0.0380952380952381, 0.17094017094017094, 0.09523809523809523, 0.10185185185185185, 0.03125, 0.06666666666666667, 0.047619047619047616, 0.08602150537634409, 0.5203252032520326, 0.0625, 0.11764705882352941, 0.23232323232323232, 0.1111111111111111, 0.0, 0.10416666666666667, 0.39285714285714285, 0.0, 0.0]
Evaluate 1 random ConvNet3D, mean = 0.1338 std = 0.0000
-------------------------
Max_Accuracy0.1337990327780763
Evaluation
model_train = ConvNet3D, model_eval = ConvNet3D, iteration = 50
[2025-04-16 20:40:44] Evaluate_00: Ep 250 time = 84s loss = 0.009070 train acc = 100.00, test acc = 14.87
lr = 0.001000
[2025-04-16 20:42:06] Evaluate_00: Ep 500 time = 166s loss = 0.000215 train acc = 100.00, test acc = 15.33
[2025-04-16 20:42:06] Evaluate_00: Ep 500 time = 166s loss = 0.000215 train acc = 100.00, test acc = 15.33
acc_per_cls: [0.36363636363636365, 0.010752688172043012, 0.0, 0.0, 0.08571428571428572, 0.3063063063063063, 0.14035087719298245, 0.9416666666666667, 0.35353535353535354, 0.24031007751937986, 0.6547619047619048, 0.0, 0.0, 0.0, 0.07407407407407407, 0.0, 0.2882882882882883, 0.0, 0.0, 0.0, 0.11428571428571428, 0.272108843537415, 0.22549019607843138, 0.6956521739130435, 0.0, 0.11764705882352941, 0.0, 0.17777777777777778, 0.0, 0.0, 0.08333333333333333, 0.0, 0.08571428571428572, 0.24786324786324787, 0.05952380952380952, 0.10185185185185185, 0.041666666666666664, 0.09166666666666666, 0.05952380952380952, 0.1935483870967742, 0.5528455284552846, 0.125, 0.0196078431372549, 0.2828282828282828, 0.1349206349206349, 0.0, 0.10416666666666667, 0.2857142857142857, 0.047619047619047616, 0.0]
Evaluate 1 random ConvNet3D, mean = 0.1533 std = 0.0000
-------------------------
Max_Accuracy0.15332258642307003
Evaluation
model_train = ConvNet3D, model_eval = ConvNet3D, iteration = 100
[2025-04-16 20:46:46] Evaluate_00: Ep 250 time = 86s loss = 0.010032 train acc = 100.00, test acc = 12.74
lr = 0.001000
[2025-04-16 20:48:09] Evaluate_00: Ep 500 time = 169s loss = 0.000205 train acc = 100.00, test acc = 15.98
[2025-04-16 20:48:09] Evaluate_00: Ep 500 time = 169s loss = 0.000205 train acc = 100.00, test acc = 15.98
acc_per_cls: [0.26515151515151514, 0.053763440860215055, 0.007751937984496124, 0.0, 0.0, 0.34234234234234234, 0.14912280701754385, 0.875, 0.41414141414141414, 0.2868217054263566, 0.6666666666666666, 0.06060606060606061, 0.017094017094017096, 0.0, 0.037037037037037035, 0.0, 0.2702702702702703, 0.02564102564102564, 0.0, 0.0, 0.1619047619047619, 0.1360544217687075, 0.2647058823529412, 0.572463768115942, 0.16216216216216217, 0.17647058823529413, 0.010101010101010102, 0.14074074074074075, 0.0, 0.023809523809523808, 0.23809523809523808, 0.0, 0.01904761904761905, 0.4017094017094017, 0.047619047619047616, 0.05555555555555555, 0.09375, 0.041666666666666664, 0.011904761904761904, 0.20430107526881722, 0.4146341463414634, 0.16666666666666666, 0.23529411764705882, 0.3333333333333333, 0.24603174603174602, 0.0, 0.13541666666666666, 0.30952380952380953, 0.02857142857142857, 0.0]
Evaluate 1 random ConvNet3D, mean = 0.1598 std = 0.0000
-------------------------
Max_Accuracy0.15977073258104962
Evaluation
model_train = ConvNet3D, model_eval = ConvNet3D, iteration = 150
[2025-04-16 20:52:46] Evaluate_00: Ep 250 time = 86s loss = 0.094822 train acc = 98.00, test acc = 15.19
lr = 0.001000
[2025-04-16 20:54:11] Evaluate_00: Ep 500 time = 171s loss = 0.006291 train acc = 100.00, test acc = 16.21
[2025-04-16 20:54:11] Evaluate_00: Ep 500 time = 171s loss = 0.006291 train acc = 100.00, test acc = 16.21
acc_per_cls: [0.4015151515151515, 0.08602150537634409, 0.015503875968992248, 0.0, 0.05714285714285714, 0.3153153153153153, 0.11403508771929824, 0.925, 0.26262626262626265, 0.13953488372093023, 0.4880952380952381, 0.06060606060606061, 0.0, 0.061224489795918366, 0.28888888888888886, 0.018518518518518517, 0.3153153153153153, 0.0, 0.007407407407407408, 0.0, 0.20952380952380953, 0.17006802721088435, 0.3137254901960784, 0.6666666666666666, 0.0, 0.17647058823529413, 0.0, 0.37777777777777777, 0.0, 0.09523809523809523, 0.07142857142857142, 0.008333333333333333, 0.047619047619047616, 0.1282051282051282, 0.023809523809523808, 0.009259259259259259, 0.125, 0.11666666666666667, 0.05952380952380952, 0.17204301075268819, 0.5121951219512195, 0.125, 0.0392156862745098, 0.26262626262626265, 0.23809523809523808, 0.0, 0.10416666666666667, 0.2619047619047619, 0.0761904761904762, 0.0]
Evaluate 1 random ConvNet3D, mean = 0.1621 std = 0.0000
-------------------------
Max_Accuracy0.16209922980476446
Evaluation
model_train = ConvNet3D, model_eval = ConvNet3D, iteration = 200
[2025-04-16 20:58:49] Evaluate_00: Ep 250 time = 84s loss = 0.007750 train acc = 100.00, test acc = 13.47
lr = 0.001000
[2025-04-16 21:00:15] Evaluate_00: Ep 500 time = 170s loss = 0.000654 train acc = 100.00, test acc = 14.19
[2025-04-16 21:00:15] Evaluate_00: Ep 500 time = 170s loss = 0.000654 train acc = 100.00, test acc = 14.19
acc_per_cls: [0.1893939393939394, 0.0967741935483871, 0.031007751937984496, 0.0, 0.0, 0.4774774774774775, 0.21052631578947367, 0.9333333333333333, 0.32323232323232326, 0.18604651162790697, 0.5714285714285714, 0.030303030303030304, 0.0, 0.013605442176870748, 0.16296296296296298, 0.0, 0.15315315315315314, 0.0, 0.0, 0.0, 0.10476190476190476, 0.17006802721088435, 0.29411764705882354, 0.5217391304347826, 0.0, 0.0196078431372549, 0.030303030303030304, 0.15555555555555556, 0.0, 0.0, 0.05952380952380952, 0.0, 0.0, 0.358974358974359, 0.047619047619047616, 0.027777777777777776, 0.125, 0.1, 0.03571428571428571, 0.21505376344086022, 0.4715447154471545, 0.15625, 0.0392156862745098, 0.26262626262626265, 0.07936507936507936, 0.02040816326530612, 0.15625, 0.21428571428571427, 0.02857142857142857, 0.0]
Evaluate 1 random ConvNet3D, mean = 0.1419 std = 0.0000
-------------------------
Max_Accuracy0.16209922980476446
Evaluation
model_train = ConvNet3D, model_eval = ConvNet3D, iteration = 250
[2025-04-16 21:04:50] Evaluate_00: Ep 250 time = 85s loss = 0.046695 train acc = 98.00, test acc = 14.38
lr = 0.001000
[2025-04-16 21:06:14] Evaluate_00: Ep 500 time = 169s loss = 0.001948 train acc = 100.00, test acc = 15.08
[2025-04-16 21:06:14] Evaluate_00: Ep 500 time = 169s loss = 0.001948 train acc = 100.00, test acc = 15.08
acc_per_cls: [0.48484848484848486, 0.0967741935483871, 0.0, 0.0, 0.009523809523809525, 0.2972972972972973, 0.17543859649122806, 0.8833333333333333, 0.29292929292929293, 0.23255813953488372, 0.7023809523809523, 0.09090909090909091, 0.08547008547008547, 0.2108843537414966, 0.037037037037037035, 0.009259259259259259, 0.17117117117117117, 0.02564102564102564, 0.0, 0.0, 0.1619047619047619, 0.12244897959183673, 0.27450980392156865, 0.6014492753623188, 0.10810810810810811, 0.00980392156862745, 0.020202020202020204, 0.22962962962962963, 0.0, 0.05952380952380952, 0.05952380952380952, 0.0, 0.009523809523809525, 0.23076923076923078, 0.03571428571428571, 0.046296296296296294, 0.09375, 0.041666666666666664, 0.0, 0.21505376344086022, 0.43089430894308944, 0.14583333333333334, 0.00980392156862745, 0.2727272727272727, 0.1111111111111111, 0.0, 0.0, 0.30952380952380953, 0.05714285714285714, 0.0]
Evaluate 1 random ConvNet3D, mean = 0.1508 std = 0.0000
-------------------------
Max_Accuracy0.16209922980476446
Evaluation
model_train = ConvNet3D, model_eval = ConvNet3D, iteration = 300
[2025-04-16 21:10:50] Evaluate_00: Ep 250 time = 87s loss = 0.050089 train acc = 98.00, test acc = 13.99
lr = 0.001000
[2025-04-16 21:12:16] Evaluate_00: Ep 500 time = 173s loss = 0.003515 train acc = 100.00, test acc = 16.41
[2025-04-16 21:12:16] Evaluate_00: Ep 500 time = 173s loss = 0.003515 train acc = 100.00, test acc = 16.41
acc_per_cls: [0.3939393939393939, 0.03225806451612903, 0.0, 0.0, 0.0761904761904762, 0.4594594594594595, 0.14035087719298245, 0.7166666666666667, 0.29292929292929293, 0.13178294573643412, 0.75, 0.12121212121212122, 0.008547008547008548, 0.0, 0.32592592592592595, 0.0, 0.27927927927927926, 0.0, 0.0, 0.0, 0.09523809523809523, 0.19047619047619047, 0.2647058823529412, 0.6014492753623188, 0.018018018018018018, 0.0, 0.050505050505050504, 0.17777777777777778, 0.0, 0.08333333333333333, 0.11904761904761904, 0.0, 0.0, 0.3333333333333333, 0.05952380952380952, 0.10185185185185185, 0.15625, 0.075, 0.05952380952380952, 0.1935483870967742, 0.3821138211382114, 0.125, 0.13725490196078433, 0.3939393939393939, 0.2698412698412698, 0.0, 0.10416666666666667, 0.36904761904761907, 0.17142857142857143, 0.0]
Evaluate 1 random ConvNet3D, mean = 0.1641 std = 0.0000
-------------------------
Max_Accuracy0.16406949668636933
Evaluation
model_train = ConvNet3D, model_eval = ConvNet3D, iteration = 350
[2025-04-16 21:16:57] Evaluate_00: Ep 250 time = 84s loss = 0.092798 train acc = 98.00, test acc = 15.05
lr = 0.001000
[2025-04-16 21:18:22] Evaluate_00: Ep 500 time = 169s loss = 0.001322 train acc = 100.00, test acc = 15.48
[2025-04-16 21:18:22] Evaluate_00: Ep 500 time = 169s loss = 0.001322 train acc = 100.00, test acc = 15.48
acc_per_cls: [0.4621212121212121, 0.043010752688172046, 0.007751937984496124, 0.0, 0.02857142857142857, 0.3783783783783784, 0.13157894736842105, 0.9166666666666666, 0.26262626262626265, 0.03875968992248062, 0.7619047619047619, 0.020202020202020204, 0.0, 0.0, 0.22962962962962963, 0.009259259259259259, 0.32432432432432434, 0.0, 0.0, 0.0, 0.2, 0.14285714285714285, 0.2647058823529412, 0.6884057971014492, 0.036036036036036036, 0.029411764705882353, 0.030303030303030304, 0.22962962962962963, 0.0, 0.08333333333333333, 0.05952380952380952, 0.0, 0.0, 0.21367521367521367, 0.05952380952380952, 0.09259259259259259, 0.125, 0.075, 0.05952380952380952, 0.23655913978494625, 0.4878048780487805, 0.08333333333333333, 0.0, 0.1919191919191919, 0.15873015873015872, 0.0, 0.1875, 0.21428571428571427, 0.14285714285714285, 0.0]
Evaluate 1 random ConvNet3D, mean = 0.1548 std = 0.0000
-------------------------
Max_Accuracy0.16406949668636933
Evaluation
model_train = ConvNet3D, model_eval = ConvNet3D, iteration = 400
[2025-04-16 21:23:00] Evaluate_00: Ep 250 time = 84s loss = 0.005678 train acc = 100.00, test acc = 15.46
lr = 0.001000
[2025-04-16 21:24:26] Evaluate_00: Ep 500 time = 171s loss = 0.000856 train acc = 100.00, test acc = 16.07
[2025-04-16 21:24:26] Evaluate_00: Ep 500 time = 171s loss = 0.000856 train acc = 100.00, test acc = 16.07
acc_per_cls: [0.2878787878787879, 0.07526881720430108, 0.0, 0.0, 0.22857142857142856, 0.4594594594594595, 0.07017543859649122, 0.9166666666666666, 0.5151515151515151, 0.27906976744186046, 0.75, 0.13131313131313133, 0.1111111111111111, 0.0, 0.06666666666666667, 0.0, 0.2702702702702703, 0.0, 0.0, 0.0, 0.08571428571428572, 0.1360544217687075, 0.30392156862745096, 0.5579710144927537, 0.05405405405405406, 0.13725490196078433, 0.050505050505050504, 0.362962962962963, 0.0, 0.011904761904761904, 0.09523809523809523, 0.0, 0.0, 0.1623931623931624, 0.0, 0.0, 0.125, 0.09166666666666666, 0.10714285714285714, 0.20430107526881722, 0.36585365853658536, 0.125, 0.049019607843137254, 0.26262626262626265, 0.21428571428571427, 0.0, 0.125, 0.2619047619047619, 0.047619047619047616, 0.0]
Evaluate 1 random ConvNet3D, mean = 0.1607 std = 0.0000
-------------------------
Max_Accuracy0.16406949668636933
Evaluation
model_train = ConvNet3D, model_eval = ConvNet3D, iteration = 450
[2025-04-16 21:29:15] Evaluate_00: Ep 250 time = 87s loss = 0.007068 train acc = 100.00, test acc = 16.05
lr = 0.001000
[2025-04-16 21:30:39] Evaluate_00: Ep 500 time = 171s loss = 0.003506 train acc = 100.00, test acc = 16.41
[2025-04-16 21:30:39] Evaluate_00: Ep 500 time = 171s loss = 0.003506 train acc = 100.00, test acc = 16.41
acc_per_cls: [0.2727272727272727, 0.03225806451612903, 0.023255813953488372, 0.015503875968992248, 0.02857142857142857, 0.7387387387387387, 0.19298245614035087, 0.8833333333333333, 0.3434343434343434, 0.07751937984496124, 0.7261904761904762, 0.0707070707070707, 0.05128205128205128, 0.0, 0.0962962962962963, 0.0, 0.14414414414414414, 0.0, 0.0, 0.009009009009009009, 0.09523809523809523, 0.08843537414965986, 0.22549019607843138, 0.6376811594202898, 0.07207207207207207, 0.2647058823529412, 0.020202020202020204, 0.2962962962962963, 0.0, 0.011904761904761904, 0.023809523809523808, 0.0, 0.0, 0.358974358974359, 0.21428571428571427, 0.027777777777777776, 0.09375, 0.08333333333333333, 0.047619047619047616, 0.0967741935483871, 0.5853658536585366, 0.09375, 0.12745098039215685, 0.1717171717171717, 0.29365079365079366, 0.0, 0.2916666666666667, 0.27380952380952384, 0.02857142857142857, 0.0]
Evaluate 1 random ConvNet3D, mean = 0.1641 std = 0.0000
-------------------------
Max_Accuracy0.16406949668636933
Evaluation
model_train = ConvNet3D, model_eval = ConvNet3D, iteration = 500
[2025-04-16 21:35:27] Evaluate_00: Ep 250 time = 86s loss = 0.003187 train acc = 100.00, test acc = 16.82
lr = 0.001000
[2025-04-16 21:36:55] Evaluate_00: Ep 500 time = 173s loss = 0.000412 train acc = 100.00, test acc = 17.59
[2025-04-16 21:36:55] Evaluate_00: Ep 500 time = 173s loss = 0.000412 train acc = 100.00, test acc = 17.59
acc_per_cls: [0.2727272727272727, 0.16129032258064516, 0.0, 0.0, 0.0, 0.3963963963963964, 0.07017543859649122, 0.9416666666666667, 0.32323232323232326, 0.17054263565891473, 0.7380952380952381, 0.020202020202020204, 0.008547008547008548, 0.0, 0.06666666666666667, 0.0, 0.16216216216216217, 0.02564102564102564, 0.0, 0.018018018018018018, 0.08571428571428572, 0.22448979591836735, 0.28431372549019607, 0.7391304347826086, 0.14414414414414414, 0.12745098039215685, 0.020202020202020204, 0.2518518518518518, 0.0, 0.08333333333333333, 0.08333333333333333, 0.0, 0.0761904761904762, 0.37606837606837606, 0.0, 0.009259259259259259, 0.052083333333333336, 0.125, 0.07142857142857142, 0.20430107526881722, 0.6260162601626016, 0.23958333333333334, 0.49019607843137253, 0.32323232323232326, 0.1984126984126984, 0.0, 0.21875, 0.35714285714285715, 0.06666666666666667, 0.0]
Evaluate 1 random ConvNet3D, mean = 0.1759 std = 0.0000
-------------------------
Max_Accuracy0.17589109797599856
Evaluation
model_train = ConvNet3D, model_eval = ConvNet3D, iteration = 550
[2025-04-16 21:41:44] Evaluate_00: Ep 250 time = 86s loss = 0.024152 train acc = 100.00, test acc = 15.67
lr = 0.001000
[2025-04-16 21:43:10] Evaluate_00: Ep 500 time = 172s loss = 0.003533 train acc = 100.00, test acc = 16.59
[2025-04-16 21:43:10] Evaluate_00: Ep 500 time = 172s loss = 0.003533 train acc = 100.00, test acc = 16.59
acc_per_cls: [0.3939393939393939, 0.08602150537634409, 0.007751937984496124, 0.0, 0.21904761904761905, 0.5315315315315315, 0.13157894736842105, 0.9166666666666666, 0.32323232323232326, 0.03875968992248062, 0.5833333333333334, 0.09090909090909091, 0.1282051282051282, 0.14965986394557823, 0.022222222222222223, 0.0, 0.3153153153153153, 0.0, 0.1037037037037037, 0.0, 0.08571428571428572, 0.08843537414965986, 0.28431372549019607, 0.7101449275362319, 0.0, 0.049019607843137254, 0.050505050505050504, 0.23703703703703705, 0.0, 0.011904761904761904, 0.047619047619047616, 0.0, 0.0, 0.4188034188034188, 0.011904761904761904, 0.05555555555555555, 0.07291666666666667, 0.11666666666666667, 0.0, 0.10752688172043011, 0.44715447154471544, 0.13541666666666666, 0.06862745098039216, 0.25252525252525254, 0.2698412698412698, 0.013605442176870748, 0.3645833333333333, 0.2261904761904762, 0.009523809523809525, 0.0]
Evaluate 1 random ConvNet3D, mean = 0.1659 std = 0.0000
-------------------------
Max_Accuracy0.17589109797599856
Evaluation
model_train = ConvNet3D, model_eval = ConvNet3D, iteration = 600
[2025-04-16 21:47:57] Evaluate_00: Ep 250 time = 87s loss = 0.026925 train acc = 98.00, test acc = 12.74
lr = 0.001000
[2025-04-16 21:49:22] Evaluate_00: Ep 500 time = 172s loss = 0.001883 train acc = 100.00, test acc = 14.15
[2025-04-16 21:49:22] Evaluate_00: Ep 500 time = 172s loss = 0.001883 train acc = 100.00, test acc = 14.15
acc_per_cls: [0.20454545454545456, 0.053763440860215055, 0.03875968992248062, 0.0, 0.01904761904761905, 0.5495495495495496, 0.09649122807017543, 0.8583333333333333, 0.15151515151515152, 0.05426356589147287, 0.6190476190476191, 0.0707070707070707, 0.1111111111111111, 0.0, 0.2074074074074074, 0.009259259259259259, 0.1891891891891892, 0.042735042735042736, 0.0, 0.0, 0.02857142857142857, 0.12244897959183673, 0.27450980392156865, 0.5579710144927537, 0.0, 0.08823529411764706, 0.0, 0.31851851851851853, 0.0, 0.14285714285714285, 0.07142857142857142, 0.0, 0.01904761904761905, 0.23931623931623933, 0.011904761904761904, 0.0, 0.15625, 0.06666666666666667, 0.10714285714285714, 0.22580645161290322, 0.4065040650406504, 0.13541666666666666, 0.029411764705882353, 0.18181818181818182, 0.1746031746031746, 0.0, 0.07291666666666667, 0.2857142857142857, 0.09523809523809523, 0.0]
Evaluate 1 random ConvNet3D, mean = 0.1415 std = 0.0000
-------------------------
Max_Accuracy0.17589109797599856
Evaluation
model_train = ConvNet3D, model_eval = ConvNet3D, iteration = 650
[2025-04-16 21:54:07] Evaluate_00: Ep 250 time = 85s loss = 0.012818 train acc = 100.00, test acc = 17.39
lr = 0.001000
[2025-04-16 21:55:33] Evaluate_00: Ep 500 time = 171s loss = 0.019470 train acc = 100.00, test acc = 17.12
[2025-04-16 21:55:33] Evaluate_00: Ep 500 time = 171s loss = 0.019470 train acc = 100.00, test acc = 17.12
acc_per_cls: [0.12878787878787878, 0.03225806451612903, 0.023255813953488372, 0.0, 0.05714285714285714, 0.5585585585585585, 0.20175438596491227, 0.95, 0.32323232323232326, 0.09302325581395349, 0.7738095238095238, 0.10101010101010101, 0.0, 0.006802721088435374, 0.28888888888888886, 0.0, 0.2702702702702703, 0.03418803418803419, 0.0, 0.009009009009009009, 0.19047619047619047, 0.19047619047619047, 0.38235294117647056, 0.6521739130434783, 0.018018018018018018, 0.19607843137254902, 0.030303030303030304, 0.25925925925925924, 0.0, 0.19047619047619047, 0.07142857142857142, 0.0, 0.02857142857142857, 0.1794871794871795, 0.10714285714285714, 0.1388888888888889, 0.125, 0.18333333333333332, 0.0, 0.17204301075268819, 0.4715447154471545, 0.125, 0.10784313725490197, 0.3434343434343434, 0.20634920634920634, 0.0, 0.13541666666666666, 0.21428571428571427, 0.047619047619047616, 0.0]
Evaluate 1 random ConvNet3D, mean = 0.1712 std = 0.0000
-------------------------
Max_Accuracy0.17589109797599856
Evaluation
model_train = ConvNet3D, model_eval = ConvNet3D, iteration = 700
