nohup: ignoring input
outer_loop = 1, inner_loop = 1
CUDNN STATUS: True
Evaluation iterations:  [0, 50, 100, 150, 200, 250, 300, 350, 400, 450, 500, 550, 600, 650, 700, 750, 800, 850, 900, 950, 1000, 1050, 1100, 1150, 1200, 1250, 1300, 1350, 1400, 1450, 1500]
miniUCF im_size: (112, 112)
how many classes: 50
miniUCF init finished
how many classes: 50
miniUCF init finished
UCF101 train:  4662 test:  1861
Loading preloaded dataset
wandb: Using wandb-core as the SDK backend.  Please refer to https://wandb.me/wandb-core for more information.
wandb: Currently logged in as: 1271535632 (1271535632-shanghaitech-university) to https://api.wandb.ai. Use `wandb login --relogin` to force relogin
wandb: Tracking run with wandb version 0.19.9
wandb: Run data is saved locally in /run/determined/workdir/home/wandb/run-20250416_203302-1h3a3s5j
wandb: Run `wandb offline` to turn off syncing.
wandb: Syncing run miniUCF101_ipc1_30.0_20250416203259
wandb: ⭐️ View project at https://wandb.ai/1271535632-shanghaitech-university/Baseline_CF
wandb: 🚀 View run at https://wandb.ai/1271535632-shanghaitech-university/Baseline_CF/runs/1h3a3s5j
Hyper-parameters: 
 {'_wandb': {}, 'dataset': 'miniUCF101', 'method': 'CF', 'model': 'ConvNet3D', 'ipc': 1, 'eval_mode': 'SS', 'outer_loop': 1, 'inner_loop': 1, 'num_eval': 1, 'eval_it': 50, 'epoch_eval_train': 500, 'Iteration': 1500, 'lr_net': 0.01, 'lr_img': 30.0, 'lr_lr': 1e-05, 'lr_teacher': 0.001, 'train_lr': False, 'batch_real': 64, 'batch_train': 256, 'batch_syn': 50, 'init': 'real', 'data_path': 'distill_utils/data', 'expert_epochs': 3, 'syn_steps': 64, 'max_start_epoch': 25, 'dis_metric': 'ours', 'buffer_path': None, 'num_workers': 4, 'preload': True, 'save_path': './logged_files', 'frames': 16, 'pretrain_dir': './pretrain', 'nclass': 50, 'aug_type': 'color_crop_cutout', 'mixup': 'cut', 'plot_freq': 10, 'use_wandb': False, 'device': 'cuda', 'distributed': True}
Evaluation model pool:  ['ConvNet3D']
BUILDING DATASET
0it [00:00, ?it/s]4662it [00:00, 1176029.67it/s]
distill_CF.py:165: UserWarning: To copy construct from a tensor, it is recommended to use sourceTensor.clone().detach() or sourceTensor.clone().detach().requires_grad_(True), rather than torch.tensor(sourceTensor).
  labels_all = torch.tensor(labels_all, dtype=torch.long, device="cpu")
initialize synthetic data from random real images
[2025-04-16 20:33:03] training begins
CF
Evaluation
model_train = ConvNet3D, model_eval = ConvNet3D, iteration = 0
[2025-04-16 20:37:01] Evaluate_00: Ep 250 time = 237s loss = 0.071777 train acc = 98.00, test acc = 8.31
lr = 0.001000
[2025-04-16 20:42:23] Evaluate_00: Ep 500 time = 559s loss = 0.001308 train acc = 100.00, test acc = 7.56
[2025-04-16 20:42:23] Evaluate_00: Ep 500 time = 559s loss = 0.001308 train acc = 100.00, test acc = 7.56
acc_per_cls: [0.0, 0.0967741935483871, 0.07751937984496124, 0.0, 0.0, 0.14414414414414414, 0.0, 0.25833333333333336, 0.050505050505050504, 0.0, 0.6785714285714286, 0.0, 0.09401709401709402, 0.0, 0.022222222222222223, 0.10185185185185185, 0.24324324324324326, 0.0, 0.05925925925925926, 0.02702702702702703, 0.06666666666666667, 0.05442176870748299, 0.0, 0.21739130434782608, 0.0, 0.0, 0.21212121212121213, 0.0, 0.018018018018018018, 0.11904761904761904, 0.08333333333333333, 0.041666666666666664, 0.009523809523809525, 0.29914529914529914, 0.07142857142857142, 0.018518518518518517, 0.0, 0.08333333333333333, 0.2619047619047619, 0.15053763440860216, 0.04878048780487805, 0.03125, 0.06862745098039216, 0.0, 0.06349206349206349, 0.0, 0.0625, 0.11904761904761904, 0.10476190476190476, 0.0]
Evaluate 1 random ConvNet3D, mean = 0.0756 std = 0.0000
-------------------------
Max_Accuracy0.07558660218520509
Evaluation
model_train = ConvNet3D, model_eval = ConvNet3D, iteration = 50
[2025-04-16 20:49:04] Evaluate_00: Ep 250 time = 211s loss = 0.078784 train acc = 96.00, test acc = 10.75
lr = 0.001000
[2025-04-16 20:52:39] Evaluate_00: Ep 500 time = 426s loss = 0.000212 train acc = 100.00, test acc = 12.97
[2025-04-16 20:52:39] Evaluate_00: Ep 500 time = 426s loss = 0.000212 train acc = 100.00, test acc = 12.97
acc_per_cls: [0.0, 0.07526881720430108, 0.0, 0.0, 0.0, 0.2882882882882883, 0.0, 0.8416666666666667, 0.1919191919191919, 0.13953488372093023, 0.8452380952380952, 0.010101010101010102, 0.23076923076923078, 0.0, 0.25925925925925924, 0.046296296296296294, 0.26126126126126126, 0.0, 0.06666666666666667, 0.02702702702702703, 0.0380952380952381, 0.05442176870748299, 0.0, 0.4492753623188406, 0.0, 0.09803921568627451, 0.15151515151515152, 0.007407407407407408, 0.0, 0.14285714285714285, 0.14285714285714285, 0.23333333333333334, 0.0, 0.3162393162393162, 0.13095238095238096, 0.07407407407407407, 0.020833333333333332, 0.025, 0.11904761904761904, 0.21505376344086022, 0.4715447154471545, 0.052083333333333336, 0.029411764705882353, 0.0, 0.1349206349206349, 0.0, 0.15625, 0.20238095238095238, 0.08571428571428572, 0.0]
Evaluate 1 random ConvNet3D, mean = 0.1297 std = 0.0000
-------------------------
Max_Accuracy0.12967938384381156
Evaluation
model_train = ConvNet3D, model_eval = ConvNet3D, iteration = 100
[2025-04-16 20:59:50] Evaluate_00: Ep 250 time = 140s loss = 0.091211 train acc = 96.00, test acc = 13.29
lr = 0.001000
[2025-04-16 21:03:25] Evaluate_00: Ep 500 time = 355s loss = 0.000448 train acc = 100.00, test acc = 13.47
[2025-04-16 21:03:25] Evaluate_00: Ep 500 time = 355s loss = 0.000448 train acc = 100.00, test acc = 13.47
acc_per_cls: [0.007575757575757576, 0.03225806451612903, 0.0, 0.007751937984496124, 0.11428571428571428, 0.2882882882882883, 0.0, 0.9416666666666667, 0.030303030303030304, 0.015503875968992248, 0.7619047619047619, 0.0, 0.28205128205128205, 0.14285714285714285, 0.05185185185185185, 0.25, 0.24324324324324326, 0.0, 0.02962962962962963, 0.06306306306306306, 0.13333333333333333, 0.16326530612244897, 0.12745098039215685, 0.5434782608695652, 0.0, 0.09803921568627451, 0.20202020202020202, 0.0, 0.0, 0.13095238095238096, 0.25, 0.016666666666666666, 0.12380952380952381, 0.19658119658119658, 0.07142857142857142, 0.18518518518518517, 0.0, 0.05, 0.19047619047619047, 0.13978494623655913, 0.43089430894308944, 0.0, 0.0, 0.0, 0.2222222222222222, 0.0, 0.052083333333333336, 0.2261904761904762, 0.02857142857142857, 0.0]
Evaluate 1 random ConvNet3D, mean = 0.1347 std = 0.0000
-------------------------
Max_Accuracy0.13469460863335125
Evaluation
model_train = ConvNet3D, model_eval = ConvNet3D, iteration = 150
[2025-04-16 21:11:28] Evaluate_00: Ep 250 time = 144s loss = 0.159802 train acc = 94.00, test acc = 13.29
lr = 0.001000
[2025-04-16 21:13:43] Evaluate_00: Ep 500 time = 280s loss = 0.002209 train acc = 100.00, test acc = 15.42
[2025-04-16 21:13:43] Evaluate_00: Ep 500 time = 280s loss = 0.002209 train acc = 100.00, test acc = 15.42
acc_per_cls: [0.0, 0.010752688172043012, 0.0, 0.007751937984496124, 0.0, 0.36936936936936937, 0.017543859649122806, 0.8166666666666667, 0.1717171717171717, 0.015503875968992248, 0.8452380952380952, 0.0, 0.19658119658119658, 0.10204081632653061, 0.14074074074074075, 0.2037037037037037, 0.25225225225225223, 0.0, 0.0, 0.07207207207207207, 0.18095238095238095, 0.2925170068027211, 0.058823529411764705, 0.5652173913043478, 0.13513513513513514, 0.10784313725490197, 0.1919191919191919, 0.0, 0.0, 0.05952380952380952, 0.14285714285714285, 0.10833333333333334, 0.13333333333333333, 0.3247863247863248, 0.27380952380952384, 0.10185185185185185, 0.0, 0.19166666666666668, 0.15476190476190477, 0.11827956989247312, 0.5121951219512195, 0.0, 0.0196078431372549, 0.0, 0.36507936507936506, 0.0, 0.10416666666666667, 0.21428571428571427, 0.14285714285714285, 0.037037037037037035]
Evaluate 1 random ConvNet3D, mean = 0.1542 std = 0.0000
-------------------------
Max_Accuracy0.15421816227834498
Evaluation
model_train = ConvNet3D, model_eval = ConvNet3D, iteration = 200
[2025-04-16 21:22:41] Evaluate_00: Ep 250 time = 155s loss = 0.012567 train acc = 100.00, test acc = 13.85
lr = 0.001000
[2025-04-16 21:25:33] Evaluate_00: Ep 500 time = 328s loss = 0.047938 train acc = 98.00, test acc = 14.45
[2025-04-16 21:25:33] Evaluate_00: Ep 500 time = 328s loss = 0.047938 train acc = 98.00, test acc = 14.45
acc_per_cls: [0.03787878787878788, 0.021505376344086023, 0.0, 0.023255813953488372, 0.0761904761904762, 0.40540540540540543, 0.0, 0.9916666666666667, 0.30303030303030304, 0.08527131782945736, 0.5, 0.0, 0.2564102564102564, 0.14285714285714285, 0.21481481481481482, 0.23148148148148148, 0.15315315315315314, 0.0, 0.037037037037037035, 0.036036036036036036, 0.14285714285714285, 0.24489795918367346, 0.0, 0.4927536231884058, 0.0, 0.0, 0.04040404040404041, 0.0, 0.0, 0.2976190476190476, 0.16666666666666666, 0.041666666666666664, 0.0380952380952381, 0.20512820512820512, 0.19047619047619047, 0.027777777777777776, 0.010416666666666666, 0.10833333333333334, 0.32142857142857145, 0.06451612903225806, 0.6097560975609756, 0.0, 0.0, 0.0, 0.30952380952380953, 0.0, 0.13541666666666666, 0.20238095238095238, 0.05714285714285714, 0.0]
Evaluate 1 random ConvNet3D, mean = 0.1445 std = 0.0000
-------------------------
Max_Accuracy0.15421816227834498
Evaluation
model_train = ConvNet3D, model_eval = ConvNet3D, iteration = 250
[2025-04-16 21:34:08] Evaluate_00: Ep 250 time = 153s loss = 0.018782 train acc = 100.00, test acc = 14.01
lr = 0.001000
[2025-04-16 21:37:51] Evaluate_00: Ep 500 time = 376s loss = 0.014445 train acc = 100.00, test acc = 14.47
[2025-04-16 21:37:51] Evaluate_00: Ep 500 time = 376s loss = 0.014445 train acc = 100.00, test acc = 14.47
acc_per_cls: [0.030303030303030304, 0.043010752688172046, 0.023255813953488372, 0.0, 0.02857142857142857, 0.3963963963963964, 0.0, 0.875, 0.16161616161616163, 0.03875968992248062, 0.5714285714285714, 0.0, 0.17094017094017094, 0.034013605442176874, 0.24444444444444444, 0.2222222222222222, 0.13513513513513514, 0.0, 0.0, 0.036036036036036036, 0.1619047619047619, 0.5102040816326531, 0.0, 0.5289855072463768, 0.12612612612612611, 0.0392156862745098, 0.0707070707070707, 0.0, 0.0, 0.07142857142857142, 0.011904761904761904, 0.0, 0.06666666666666667, 0.3418803418803419, 0.10714285714285714, 0.12962962962962962, 0.0, 0.18333333333333332, 0.07142857142857142, 0.23655913978494625, 0.5609756097560976, 0.0, 0.0, 0.0, 0.30952380952380953, 0.0, 0.11458333333333333, 0.2976190476190476, 0.13333333333333333, 0.0]
Evaluate 1 random ConvNet3D, mean = 0.1447 std = 0.0000
-------------------------
Max_Accuracy0.15421816227834498
Evaluation
model_train = ConvNet3D, model_eval = ConvNet3D, iteration = 300
[2025-04-16 21:46:15] Evaluate_00: Ep 250 time = 186s loss = 0.009879 train acc = 100.00, test acc = 13.15
lr = 0.001000
[2025-04-16 21:49:53] Evaluate_00: Ep 500 time = 403s loss = 0.003934 train acc = 100.00, test acc = 14.53
[2025-04-16 21:49:53] Evaluate_00: Ep 500 time = 403s loss = 0.003934 train acc = 100.00, test acc = 14.53
acc_per_cls: [0.0, 0.10752688172043011, 0.0, 0.06976744186046512, 0.047619047619047616, 0.18018018018018017, 0.0, 0.9666666666666667, 0.09090909090909091, 0.13953488372093023, 0.8095238095238095, 0.0, 0.3504273504273504, 0.0, 0.05925925925925926, 0.25925925925925924, 0.1891891891891892, 0.008547008547008548, 0.0, 0.06306306306306306, 0.23809523809523808, 0.17006802721088435, 0.00980392156862745, 0.4855072463768116, 0.13513513513513514, 0.058823529411764705, 0.1919191919191919, 0.0, 0.0, 0.16666666666666666, 0.40476190476190477, 0.016666666666666666, 0.0761904761904762, 0.3076923076923077, 0.16666666666666666, 0.05555555555555555, 0.03125, 0.025, 0.32142857142857145, 0.3118279569892473, 0.44715447154471544, 0.041666666666666664, 0.0, 0.0, 0.09523809523809523, 0.0, 0.125, 0.23809523809523808, 0.12380952380952381, 0.0]
Evaluate 1 random ConvNet3D, mean = 0.1453 std = 0.0000
-------------------------
Max_Accuracy0.15421816227834498
Evaluation
model_train = ConvNet3D, model_eval = ConvNet3D, iteration = 350
[2025-04-16 21:56:00] Evaluate_00: Ep 250 time = 124s loss = 0.014829 train acc = 98.00, test acc = 13.99
lr = 0.001000
[2025-04-16 21:58:05] Evaluate_00: Ep 500 time = 248s loss = 0.049876 train acc = 98.00, test acc = 15.35
[2025-04-16 21:58:05] Evaluate_00: Ep 500 time = 248s loss = 0.049876 train acc = 98.00, test acc = 15.35
acc_per_cls: [0.0, 0.03225806451612903, 0.06201550387596899, 0.05426356589147287, 0.047619047619047616, 0.3153153153153153, 0.0, 0.95, 0.050505050505050504, 0.10077519379844961, 0.8571428571428571, 0.0, 0.2564102564102564, 0.2857142857142857, 0.06666666666666667, 0.18518518518518517, 0.2702702702702703, 0.0, 0.02962962962962963, 0.04504504504504504, 0.18095238095238095, 0.3401360544217687, 0.00980392156862745, 0.5434782608695652, 0.13513513513513514, 0.0, 0.050505050505050504, 0.0, 0.0, 0.30952380952380953, 0.10714285714285714, 0.025, 0.0761904761904762, 0.3504273504273504, 0.13095238095238096, 0.009259259259259259, 0.03125, 0.18333333333333332, 0.15476190476190477, 0.20430107526881722, 0.5121951219512195, 0.03125, 0.0, 0.0, 0.2222222222222222, 0.0, 0.052083333333333336, 0.19047619047619047, 0.18095238095238095, 0.0]
Evaluate 1 random ConvNet3D, mean = 0.1535 std = 0.0000
-------------------------
Max_Accuracy0.15421816227834498
Evaluation
model_train = ConvNet3D, model_eval = ConvNet3D, iteration = 400
[2025-04-16 22:06:54] Evaluate_00: Ep 250 time = 119s loss = 0.034964 train acc = 100.00, test acc = 14.94
lr = 0.001000
[2025-04-16 22:08:53] Evaluate_00: Ep 500 time = 238s loss = 0.003694 train acc = 100.00, test acc = 16.30
[2025-04-16 22:08:53] Evaluate_00: Ep 500 time = 238s loss = 0.003694 train acc = 100.00, test acc = 16.30
acc_per_cls: [0.0, 0.08602150537634409, 0.007751937984496124, 0.023255813953488372, 0.02857142857142857, 0.45045045045045046, 0.0, 0.9833333333333333, 0.0707070707070707, 0.11627906976744186, 0.6428571428571429, 0.0, 0.21367521367521367, 0.23129251700680273, 0.2, 0.25, 0.13513513513513514, 0.0, 0.13333333333333333, 0.06306306306306306, 0.2571428571428571, 0.42857142857142855, 0.0, 0.5362318840579711, 0.0, 0.0, 0.0707070707070707, 0.0, 0.0, 0.35714285714285715, 0.14285714285714285, 0.10833333333333334, 0.0380952380952381, 0.49572649572649574, 0.23809523809523808, 0.009259259259259259, 0.0, 0.14166666666666666, 0.38095238095238093, 0.053763440860215055, 0.4146341463414634, 0.010416666666666666, 0.029411764705882353, 0.0, 0.1984126984126984, 0.0, 0.1875, 0.20238095238095238, 0.19047619047619047, 0.0]
Evaluate 1 random ConvNet3D, mean = 0.1630 std = 0.0000
-------------------------
Max_Accuracy0.1629948056600394
Evaluation
model_train = ConvNet3D, model_eval = ConvNet3D, iteration = 450
[2025-04-16 22:17:16] Evaluate_00: Ep 250 time = 201s loss = 0.014450 train acc = 100.00, test acc = 14.01
lr = 0.001000
[2025-04-16 22:19:23] Evaluate_00: Ep 500 time = 328s loss = 0.001203 train acc = 100.00, test acc = 15.82
[2025-04-16 22:19:23] Evaluate_00: Ep 500 time = 328s loss = 0.001203 train acc = 100.00, test acc = 15.82
acc_per_cls: [0.08333333333333333, 0.043010752688172046, 0.0, 0.0, 0.0, 0.45045045045045046, 0.02631578947368421, 0.9083333333333333, 0.3939393939393939, 0.05426356589147287, 0.6666666666666666, 0.0, 0.23076923076923078, 0.0, 0.1259259259259259, 0.1574074074074074, 0.1891891891891892, 0.017094017094017096, 0.13333333333333333, 0.02702702702702703, 0.22857142857142856, 0.20408163265306123, 0.09803921568627451, 0.5, 0.13513513513513514, 0.0, 0.1111111111111111, 0.0, 0.0, 0.16666666666666666, 0.10714285714285714, 0.35833333333333334, 0.0380952380952381, 0.37606837606837606, 0.09523809523809523, 0.0, 0.010416666666666666, 0.11666666666666667, 0.13095238095238096, 0.22580645161290322, 0.5121951219512195, 0.0625, 0.058823529411764705, 0.0, 0.3253968253968254, 0.0, 0.22916666666666666, 0.2857142857142857, 0.08571428571428572, 0.0]
Evaluate 1 random ConvNet3D, mean = 0.1582 std = 0.0000
-------------------------
Max_Accuracy0.1629948056600394
Evaluation
model_train = ConvNet3D, model_eval = ConvNet3D, iteration = 500
[2025-04-16 22:26:20] Evaluate_00: Ep 250 time = 185s loss = 0.074587 train acc = 98.00, test acc = 16.14
lr = 0.001000
[2025-04-16 22:29:13] Evaluate_00: Ep 500 time = 358s loss = 0.000776 train acc = 100.00, test acc = 16.21
[2025-04-16 22:29:13] Evaluate_00: Ep 500 time = 358s loss = 0.000776 train acc = 100.00, test acc = 16.21
acc_per_cls: [0.06060606060606061, 0.021505376344086023, 0.0, 0.0, 0.17142857142857143, 0.5315315315315315, 0.0, 0.9333333333333333, 0.1919191919191919, 0.09302325581395349, 0.8214285714285714, 0.04040404040404041, 0.27350427350427353, 0.0, 0.18518518518518517, 0.24074074074074073, 0.05405405405405406, 0.008547008547008548, 0.14074074074074075, 0.12612612612612611, 0.2, 0.23809523809523808, 0.049019607843137254, 0.3695652173913043, 0.13513513513513514, 0.00980392156862745, 0.18181818181818182, 0.0, 0.0, 0.34523809523809523, 0.21428571428571427, 0.06666666666666667, 0.0761904761904762, 0.4188034188034188, 0.13095238095238096, 0.046296296296296294, 0.03125, 0.2, 0.13095238095238096, 0.22580645161290322, 0.36585365853658536, 0.010416666666666666, 0.0, 0.0, 0.35714285714285715, 0.013605442176870748, 0.125, 0.32142857142857145, 0.02857142857142857, 0.08148148148148149]
Evaluate 1 random ConvNet3D, mean = 0.1621 std = 0.0000
-------------------------
Max_Accuracy0.1629948056600394
Evaluation
model_train = ConvNet3D, model_eval = ConvNet3D, iteration = 550
[2025-04-16 22:38:58] Evaluate_00: Ep 250 time = 237s loss = 0.145387 train acc = 98.00, test acc = 13.27
lr = 0.001000
[2025-04-16 22:41:26] Evaluate_00: Ep 500 time = 385s loss = 0.009865 train acc = 100.00, test acc = 15.39
[2025-04-16 22:41:26] Evaluate_00: Ep 500 time = 385s loss = 0.009865 train acc = 100.00, test acc = 15.39
acc_per_cls: [0.09090909090909091, 0.03225806451612903, 0.0, 0.046511627906976744, 0.0, 0.5585585585585585, 0.02631578947368421, 0.7916666666666666, 0.15151515151515152, 0.05426356589147287, 0.75, 0.0, 0.2905982905982906, 0.14285714285714285, 0.2074074074074074, 0.24074074074074073, 0.14414414414414414, 0.0, 0.02962962962962963, 0.18018018018018017, 0.2571428571428571, 0.1292517006802721, 0.0196078431372549, 0.4492753623188406, 0.21621621621621623, 0.0, 0.010101010101010102, 0.0, 0.0, 0.36904761904761907, 0.20238095238095238, 0.06666666666666667, 0.0761904761904762, 0.26495726495726496, 0.13095238095238096, 0.1111111111111111, 0.0, 0.11666666666666667, 0.10714285714285714, 0.17204301075268819, 0.5284552845528455, 0.0, 0.0196078431372549, 0.020202020202020204, 0.24603174603174602, 0.0, 0.17708333333333334, 0.2619047619047619, 0.08571428571428572, 0.02962962962962963]
Evaluate 1 random ConvNet3D, mean = 0.1539 std = 0.0000
-------------------------
Max_Accuracy0.1629948056600394
Evaluation
model_train = ConvNet3D, model_eval = ConvNet3D, iteration = 600
[2025-04-16 22:50:10] Evaluate_00: Ep 250 time = 142s loss = 0.188635 train acc = 94.00, test acc = 13.00
lr = 0.001000
[2025-04-16 22:53:59] Evaluate_00: Ep 500 time = 371s loss = 0.020492 train acc = 98.00, test acc = 14.42
[2025-04-16 22:53:59] Evaluate_00: Ep 500 time = 371s loss = 0.020492 train acc = 98.00, test acc = 14.42
acc_per_cls: [0.015151515151515152, 0.07526881720430108, 0.0, 0.06976744186046512, 0.009523809523809525, 0.40540540540540543, 0.0, 0.925, 0.24242424242424243, 0.07751937984496124, 0.6785714285714286, 0.0, 0.23931623931623933, 0.1564625850340136, 0.11851851851851852, 0.2222222222222222, 0.12612612612612611, 0.0, 0.0, 0.036036036036036036, 0.05714285714285714, 0.2925170068027211, 0.0, 0.391304347826087, 0.13513513513513514, 0.23529411764705882, 0.0, 0.0, 0.0, 0.15476190476190477, 0.23809523809523808, 0.03333333333333333, 0.009523809523809525, 0.36752136752136755, 0.13095238095238096, 0.018518518518518517, 0.010416666666666666, 0.16666666666666666, 0.15476190476190477, 0.1827956989247312, 0.4959349593495935, 0.125, 0.0196078431372549, 0.0, 0.1349206349206349, 0.0, 0.0625, 0.3333333333333333, 0.13333333333333333, 0.022222222222222223]
Evaluate 1 random ConvNet3D, mean = 0.1442 std = 0.0000
-------------------------
Max_Accuracy0.1629948056600394
Evaluation
model_train = ConvNet3D, model_eval = ConvNet3D, iteration = 650
